Starting a Gradle Daemon (subsequent builds will be faster)

> Configure project :
Fabric Loom: 1.15.0-alpha.6

> Task :compileJava
gradle : C:\Users\Iaske\Downloads\copycoords_final_project\copycoords\src\main\
java\com\example\copycoords\CopyCoords.java:7: error: cannot find symbol
At line:1 char:1
+ gradle build --warning-mode=all 2>&1 | tee build_output.txt
+ ~~~~~~~~~~~~~~~~~~~~~~~~~~~~~~~~~~~~
    + CategoryInfo          : NotSpecified: (C:\Users\Iaske\...not find symbol 
   :String) [], RemoteException
    + FullyQualifiedErrorId : NativeCommandError
 
import net.fabricmc.fabric.api.client.command.v2.ClientCommandSource;
                                                ^
  symbol:   class ClientCommandSource
  location: package net.fabricmc.fabric.api.client.command.v2
C:\Users\Iaske\Downloads\copycoords_final_project\copycoords\src\main\java\com\
example\copycoords\CopyCoords.java:9: error: cannot find symbol
import net.minecraft.client.Keyboard;
                           ^
  symbol:   class Keyboard
  location: package net.minecraft.client
C:\Users\Iaske\Downloads\copycoords_final_project\copycoords\src\main\java\com\
example\copycoords\CopyCoords.java:56: error: cannot find symbol
    private int executeCopyCoords(CommandContext<ClientCommandSource> context) 
{
                                                 ^
  symbol:   class ClientCommandSource
  location: class CopyCoords
C:\Users\Iaske\Downloads\copycoords_final_project\copycoords\src\main\java\com\
example\copycoords\CopyCoords.java:42: error: cannot find symbol
            LiteralArgumentBuilder<ClientCommandSource> builder = 
ClientCommandManager.literal("copycoords");
                                   ^
  symbol:   class ClientCommandSource
  location: class CopyCoords
C:\Users\Iaske\Downloads\copycoords_final_project\copycoords\src\main\java\com\
example\copycoords\CopyCoords.java:82: error: cannot find symbol
                Keyboard keyboard = Minecraft.getInstance().keyboard;
                ^
  symbol:   class Keyboard
  location: class CopyCoords
C:\Users\Iaske\Downloads\copycoords_final_project\copycoords\src\main\java\com\
example\copycoords\CopyCoords.java:82: error: cannot find symbol
                Keyboard keyboard = Minecraft.getInstance().keyboard;
                                                           ^
  symbol:   variable keyboard
  location: class Minecraft
6 errors

> Task :compileJava FAILED

[Incubating] Problems report is available at: file:///C:/Users/Iaske/Downloads/copycoords_final_project/copycoords/build/reports/problems/problems-report.html

FAILURE: Build failed with an exception.

* What went wrong:
Execution failed for task ':compileJava'.
> Compilation failed; see the compiler output below.
  C:\Users\Iaske\Downloads\copycoords_final_project\copycoords\src\main\java\co
m\example\copycoords\CopyCoords.java:7: error: cannot find symbol
  import net.fabricmc.fabric.api.client.command.v2.ClientCommandSource;
                                                  ^
    symbol:   class ClientCommandSource
    location: package net.fabricmc.fabric.api.client.command.v2
  C:\Users\Iaske\Downloads\copycoords_final_project\copycoords\src\main\java\co
m\example\copycoords\CopyCoords.java:9: error: cannot find symbol
  import net.minecraft.client.Keyboard;
                             ^
    symbol:   class Keyboard
    location: package net.minecraft.client
  C:\Users\Iaske\Downloads\copycoords_final_project\copycoords\src\main\java\co
m\example\copycoords\CopyCoords.java:56: error: cannot find symbol
      private int executeCopyCoords(CommandContext<ClientCommandSource> 
context) {
                                                   ^
    symbol:   class ClientCommandSource
    location: class CopyCoords
  C:\Users\Iaske\Downloads\copycoords_final_project\copycoords\src\main\java\co
m\example\copycoords\CopyCoords.java:42: error: cannot find symbol
              LiteralArgumentBuilder<ClientCommandSource> builder = 
ClientCommandManager.literal("copycoords");
                                     ^
    symbol:   class ClientCommandSource
    location: class CopyCoords
  C:\Users\Iaske\Downloads\copycoords_final_project\copycoords\src\main\java\co
m\example\copycoords\CopyCoords.java:82: error: cannot find symbol
                  Keyboard keyboard = Minecraft.getInstance().keyboard;
                  ^
    symbol:   class Keyboard
    location: class CopyCoords
  C:\Users\Iaske\Downloads\copycoords_final_project\copycoords\src\main\java\co
m\example\copycoords\CopyCoords.java:82: error: cannot find symbol
                  Keyboard keyboard = Minecraft.getInstance().keyboard;
                                                             ^
    symbol:   variable keyboard
    location: class Minecraft
  6 errors

* Try:
> Check your code and dependencies to fix the compilation error(s)
> Run with --scan to get full insights from a Build Scan (powered by 
Develocity).

BUILD FAILED in 12s
1 actionable task: 1 executed
